Archive member included because of file (symbol)

c:/program files (x86)/gnu tools arm embedded/4.8 2014q2/bin/../lib/gcc/arm-none-eabi/4.8.4/../../../../arm-none-eabi/lib/armv7e-m/fpu\libm.a(lib_a-sf_round.o)
                              ..\obj\HMC624.o (roundf)
c:/program files (x86)/gnu tools arm embedded/4.8 2014q2/bin/../lib/gcc/arm-none-eabi/4.8.4/armv7e-m/fpu\libgcc.a(_arm_addsubdf3.o)
                              ..\obj\measurement functions.o (__aeabi_ui2d)
c:/program files (x86)/gnu tools arm embedded/4.8 2014q2/bin/../lib/gcc/arm-none-eabi/4.8.4/armv7e-m/fpu\libgcc.a(_arm_muldivdf3.o)
                              ..\obj\measurement functions.o (__aeabi_dmul)

Allocating common symbols
Common symbol       size              file

serialnum           0x4               ..\obj\main.o
SET_TEST_MODE       0x4               ..\obj\usbd_core.o
tempf_ptr           0x4               ..\obj\main.o
ADC_ST_values_inst  0x10              ..\obj\ADC.o
i                   0x4               ..\obj\main.o
usbd_cdc_OtherCfgDesc
                    0x43              ..\obj\usbd_cdc_core.o
Cali_reglin_inst    0x20              ..\obj\FLASH.o
USB_Rx_Buffer       0x40              ..\obj\usbd_cdc_core.o
USART_InitStructure
                    0x10              ..\obj\usbd_cdc_vcp.o
USB_Rx_Cnt          0x2               ..\obj\usbd_cdc_core.o
CmdBuff             0x8               ..\obj\usbd_cdc_core.o
USB_OTG_dev         0x5f4             ..\obj\main.o
APP_Rx_Buffer       0x800             ..\obj\usbd_cdc_core.o
Current_results_inst
                    0x30              ..\obj\measurement functions.o
USBD_StrDesc        0xff              ..\obj\usbd_req.o

Discarded input sections

 .text          0x00000000        0x0 ..\obj\stm32f4xx_syscfg.o
 .data          0x00000000        0x0 ..\obj\stm32f4xx_syscfg.o
 .bss           0x00000000        0x0 ..\obj\stm32f4xx_syscfg.o
 .text.SYSCFG_DeInit
                0x00000000       0x1c ..\obj\stm32f4xx_syscfg.o
 .text.SYSCFG_MemoryRemapConfig
                0x00000000       0x20 ..\obj\stm32f4xx_syscfg.o
 .text.SYSCFG_EXTILineConfig
                0x00000000       0x7c ..\obj\stm32f4xx_syscfg.o
 .text.SYSCFG_ETH_MediaInterfaceConfig
                0x00000000       0x1c ..\obj\stm32f4xx_syscfg.o
 .text.SYSCFG_CompensationCellCmd
                0x00000000       0x20 ..\obj\stm32f4xx_syscfg.o
 .text.SYSCFG_GetCompensationCellStatus
                0x00000000       0x34 ..\obj\stm32f4xx_syscfg.o
 .debug_info    0x00000000      0x26c ..\obj\stm32f4xx_syscfg.o
 .debug_abbrev  0x00000000      0x131 ..\obj\stm32f4xx_syscfg.o
 .debug_aranges
                0x00000000       0x48 ..\obj\stm32f4xx_syscfg.o
 .debug_ranges  0x00000000       0x38 ..\obj\stm32f4xx_syscfg.o
 .debug_line    0x00000000      0x2a1 ..\obj\stm32f4xx_syscfg.o
 .debug_str     0x00000000      0x340 ..\obj\stm32f4xx_syscfg.o
 .comment       0x00000000       0x71 ..\obj\stm32f4xx_syscfg.o
 .ARM.attributes
                0x00000000       0x39 ..\obj\stm32f4xx_syscfg.o
 .debug_frame   0x00000000       0xbc ..\obj\stm32f4xx_syscfg.o
 .text          0x00000000        0x0 ..\obj\usb_core.o
 .data          0x00000000        0x0 ..\obj\usb_core.o
 .bss           0x00000000        0x0 ..\obj\usb_core.o
 .text.USB_OTG_IsHostMode
                0x00000000       0x24 ..\obj\usb_core.o
 .text.USB_OTG_ReadOtgItr
                0x00000000       0x1c ..\obj\usb_core.o
 .text.USB_OTG_ActiveRemoteWakeup
                0x00000000       0x8c ..\obj\usb_core.o
 .text.USB_OTG_StopDevice
                0x00000000       0x80 ..\obj\usb_core.o
 .text.USB_OTG_GetEPStatus
                0x00000000       0xac ..\obj\usb_core.o
 .text.USB_OTG_SetEPStatus
                0x00000000      0x12c ..\obj\usb_core.o
 .text          0x00000000        0x0 ..\obj\HMC624.o
 .data          0x00000000        0x0 ..\obj\HMC624.o
 .bss           0x00000000        0x0 ..\obj\HMC624.o
 .text          0x00000000        0x0 ..\obj\usbd_usr.o
 .bss           0x00000000        0x0 ..\obj\usbd_usr.o
 .text          0x00000000        0x0 ..\obj\stm32f4xx_usart.o
 .data          0x00000000        0x0 ..\obj\stm32f4xx_usart.o
 .bss           0x00000000        0x0 ..\obj\stm32f4xx_usart.o
 .text.USART_DeInit
                0x00000000       0xd0 ..\obj\stm32f4xx_usart.o
 .text.USART_Init
                0x00000000      0x174 ..\obj\stm32f4xx_usart.o
 .text.USART_StructInit
                0x00000000       0x38 ..\obj\stm32f4xx_usart.o
 .text.USART_ClockInit
                0x00000000       0x54 ..\obj\stm32f4xx_usart.o
 .text.USART_ClockStructInit
                0x00000000       0x2c ..\obj\stm32f4xx_usart.o
 .text.USART_Cmd
                0x00000000       0x40 ..\obj\stm32f4xx_usart.o
 .text.USART_SetPrescaler
                0x00000000       0x38 ..\obj\stm32f4xx_usart.o
 .text.USART_OverSampling8Cmd
                0x00000000       0x44 ..\obj\stm32f4xx_usart.o
 .text.USART_OneBitMethodCmd
                0x00000000       0x40 ..\obj\stm32f4xx_usart.o
[...]
Memory Configuration

Name             Origin             Length             Attributes
rom              0x08000000         0x00040000         xr
ram              0x20000000         0x00010000         xrw
*default*        0x00000000         0xffffffff

Linker script and memory map

                0x20010000                _eram = 0x20010000

.text           0x08000000     0x6adc
 *(.isr_vector)
 .isr_vector    0x08000000      0x188 ..\obj\startup_stm32f4xx.o
                0x08000000                g_pfnVectors
 *(.text*)
 .text.USB_OTG_EnableCommonInt
                0x08000188       0x44 ..\obj\usb_core.o
 .text.USB_OTG_CoreReset
                0x080001cc       0x8c ..\obj\usb_core.o
 .text.USB_OTG_WritePacket
                0x08000258       0x70 ..\obj\usb_core.o
                0x08000258                USB_OTG_WritePacket
 .text.USB_OTG_ReadPacket
                0x080002c8       0x58 ..\obj\usb_core.o
                0x080002c8                USB_OTG_ReadPacket
 .text.USB_OTG_SelectCore
                0x08000320      0x174 ..\obj\usb_core.o
                0x08000320                USB_OTG_SelectCore
 .text.USB_OTG_CoreInit
                0x08000494      0x134 ..\obj\usb_core.o
                0x08000494                USB_OTG_CoreInit
 .text.USB_OTG_EnableGlobalInt
                0x080005c8       0x38 ..\obj\usb_core.o
                0x080005c8                USB_OTG_EnableGlobalInt
 .text.USB_OTG_DisableGlobalInt
                0x08000600       0x38 ..\obj\usb_core.o
                0x08000600                USB_OTG_DisableGlobalInt
 .text.USB_OTG_FlushTxFifo
                0x08000638       0x74 ..\obj\usb_core.o
                0x08000638                USB_OTG_FlushTxFifo
 .text.USB_OTG_FlushRxFifo
                0x080006ac       0x60 ..\obj\usb_core.o
                0x080006ac                USB_OTG_FlushRxFifo
 .text.USB_OTG_SetCurrentMode
                0x0800070c       0x60 ..\obj\usb_core.o
                0x0800070c                USB_OTG_SetCurrentMode
 .text.USB_OTG_GetMode
                0x0800076c       0x20 ..\obj\usb_core.o
                0x0800076c                USB_OTG_GetMode
 .text.USB_OTG_IsDeviceMode
                0x0800078c       0x24 ..\obj\usb_core.o
                0x0800078c                USB_OTG_IsDeviceMode
 .text.USB_OTG_ReadCoreItr
                0x080007b0       0x30 ..\obj\usb_core.o
                0x080007b0                USB_OTG_ReadCoreItr
 .text.USB_OTG_InitDevSpeed
                0x080007e0       0x38 ..\obj\usb_core.o
                0x080007e0                USB_OTG_InitDevSpeed
 .text.USB_OTG_CoreInitDev
                0x08000818      0x280 ..\obj\usb_core.o
                0x08000818                USB_OTG_CoreInitDev
 .text.USB_OTG_EnableDevInt
                0x08000a98       0xa8 ..\obj\usb_core.o
                0x08000a98                USB_OTG_EnableDevInt
 .text.USB_OTG_GetDeviceSpeed
                0x08000b40       0x48 ..\obj\usb_core.o
                0x08000b40                USB_OTG_GetDeviceSpeed
 .text.USB_OTG_EP0Activate
                0x08000b88       0x78 ..\obj\usb_core.o
                0x08000b88                USB_OTG_EP0Activate
 .text.USB_OTG_EPActivate
                0x08000c00       0xdc ..\obj\usb_core.o
                0x08000c00                USB_OTG_EPActivate
 .text.USB_OTG_EPDeactivate
                0x08000cdc       0x8c ..\obj\usb_core.o
                0x08000cdc                USB_OTG_EPDeactivate
 .text.USB_OTG_EPStartXfer
                0x08000d68      0x280 ..\obj\usb_core.o
                0x08000d68                USB_OTG_EPStartXfer
 .text.USB_OTG_EP0StartXfer
                0x08000fe8      0x1d4 ..\obj\usb_core.o
                0x08000fe8                USB_OTG_EP0StartXfer
 .text.USB_OTG_EPSetStall
                0x080011bc       0x88 ..\obj\usb_core.o
                0x080011bc                USB_OTG_EPSetStall
 .text.USB_OTG_EPClearStall
                0x08001244       0x78 ..\obj\usb_core.o
                0x08001244                USB_OTG_EPClearStall
 .text.USB_OTG_ReadDevAllOutEp_itr
                0x080012bc       0x2c ..\obj\usb_core.o
                0x080012bc                USB_OTG_ReadDevAllOutEp_itr
 .text.USB_OTG_ReadDevOutEP_itr
                0x080012e8       0x38 ..\obj\usb_core.o
                0x080012e8                USB_OTG_ReadDevOutEP_itr
 .text.USB_OTG_ReadDevAllInEPItr
                0x08001320       0x2c ..\obj\usb_core.o
                0x08001320                USB_OTG_ReadDevAllInEPItr
 .text.USB_OTG_EP0_OutStart
                0x0800134c       0x70 ..\obj\usb_core.o
                0x0800134c                USB_OTG_EP0_OutStart
 .text.USB_OTG_UngateClock
                0x080013bc       0x54 ..\obj\usb_core.o
                0x080013bc                USB_OTG_UngateClock
 .text.HMC624_init
                0x08001410       0x38 ..\obj\HMC624.o
                0x08001410                HMC624_init
 .text.HMC624_set_attenuation
                0x08001448       0xd4 ..\obj\HMC624.o
                0x08001448                HMC624_set_attenuation
 .text.USBD_USR_Init
                0x0800151c        0xc ..\obj\usbd_usr.o
                0x0800151c                USBD_USR_Init
 .text.USBD_USR_DeviceReset
                0x08001528       0x20 ..\obj\usbd_usr.o
                0x08001528                USBD_USR_DeviceReset
 .text.USBD_USR_DeviceConfigured
                0x08001548        0xc ..\obj\usbd_usr.o
                0x08001548                USBD_USR_DeviceConfigured
 .text.USBD_USR_DeviceSuspended
                0x08001554        0xc ..\obj\usbd_usr.o
                0x08001554                USBD_USR_DeviceSuspended
 .text.USBD_USR_DeviceResumed
                0x08001560        0xc ..\obj\usbd_usr.o
                0x08001560                USBD_USR_DeviceResumed
 .text.USBD_USR_DeviceConnected
                0x0800156c        0xc ..\obj\usbd_usr.o
                0x0800156c                USBD_USR_DeviceConnected
 .text.USBD_USR_DeviceDisconnected
                0x08001578        0xc ..\obj\usbd_usr.o
                0x08001578                USBD_USR_DeviceDisconnected
 .text.USART_ReceiveData
                0x08001584       0x20 ..\obj\stm32f4xx_usart.o
                0x08001584                USART_ReceiveData
 .text.USART_GetFlagStatus
                0x080015a4       0x38 ..\obj\stm32f4xx_usart.o
                0x080015a4                USART_GetFlagStatus
 .text.USART_GetITStatus
                0x080015dc       0xb0 ..\obj\stm32f4xx_usart.o
                0x080015dc                USART_GetITStatus
 .text.SN74LV_init
                0x0800168c       0x38 ..\obj\SN74LV.o
                0x0800168c                SN74LV_init
 .text.SN74LV_set_mode
                0x080016c4       0x24 ..\obj\SN74LV.o
                0x080016c4                SN74LV_set_mode
 .text.RF3021_init
                0x080016e8       0x38 ..\obj\RF3021.o
                0x080016e8                RF3021_init
 .text.Current_result_clear
                0x08001720       0x54 ..\obj\measurement functions.o
                0x08001720                Current_result_clear
 .text.power_measurement
                0x08001774       0xb4 ..\obj\measurement functions.o
                0x08001774                power_measurement
 .text.frequency_measurement
                0x08001828      0x190 ..\obj\measurement functions.o
                0x08001828                frequency_measurement
 .text.set_attenuation_auto
                0x080019b8      0x120 ..\obj\measurement functions.o
                0x080019b8                set_attenuation_auto
 .text.set_attenuation
                0x08001ad8       0x74 ..\obj\measurement functions.o
                0x08001ad8                set_attenuation
 .text.set_warm_up_state
                0x08001b4c       0x30 ..\obj\measurement functions.o
                0x08001b4c                set_warm_up_state
 .text.clear_buf
                0x08001b7c       0x38 ..\obj\measurement functions.o
                0x08001b7c                clear_buf
 .text.Default_Reset_Handler
                0x08001bb4       0x5c ..\obj\startup_stm32f4xx.o
                0x08001bb4                Default_Reset_Handler
                0x08001bb4                Reset_Handler
 .text.Default_Handler
                0x08001c10        0x8 ..\obj\startup_stm32f4xx.o
                0x08001c10                RTC_Alarm_IRQHandler
                0x08001c10                HASH_RNG_IRQHandler
                0x08001c10                EXTI2_IRQHandler
                0x08001c10                TIM8_CC_IRQHandler
                0x08001c10                TIM1_CC_IRQHandler
                0x08001c10                DMA2_Stream5_IRQHandler
                0x08001c10                DMA1_Stream5_IRQHandler
                0x08001c10                PVD_IRQHandler
                0x08001c10                SDIO_IRQHandler
                0x08001c10                TAMP_STAMP_IRQHandler
                0x08001c10                CAN2_RX1_IRQHandler
                0x08001c10                EXTI3_IRQHandler
                0x08001c10                TIM8_TRG_COM_TIM14_IRQHandler
                0x08001c10                TIM1_UP_TIM10_IRQHandler
                0x08001c10                TIM8_UP_TIM13_IRQHandler
                0x08001c10                I2C3_ER_IRQHandler
                0x08001c10                EXTI0_IRQHandler
                0x08001c10                I2C2_EV_IRQHandler
                0x08001c10                DMA1_Stream2_IRQHandler
                0x08001c10                CAN1_RX0_IRQHandler
                0x08001c10                FPU_IRQHandler
                0x08001c10                OTG_HS_WKUP_IRQHandler
                0x08001c10                CAN2_SCE_IRQHandler
                0x08001c10                DMA2_Stream2_IRQHandler
                0x08001c10                SPI1_IRQHandler
                0x08001c10                TIM6_DAC_IRQHandler
                0x08001c10                TIM1_BRK_TIM9_IRQHandler
                0x08001c10                DCMI_IRQHandler
                0x08001c10                CAN2_RX0_IRQHandler
                0x08001c10                DMA2_Stream3_IRQHandler
                0x08001c10                USART6_IRQHandler
                0x08001c10                CRYP_IRQHandler
                0x08001c10                CAN1_RX1_IRQHandler
                0x08001c10                UART5_IRQHandler
                0x08001c10                DMA2_Stream0_IRQHandler
                0x08001c10                TIM4_IRQHandler
                0x08001c10                I2C1_EV_IRQHandler
                0x08001c10                DMA1_Stream6_IRQHandler
                0x08001c10                DMA1_Stream1_IRQHandler
                0x08001c10                UART4_IRQHandler
                0x08001c10                RCC_IRQHandler
                0x08001c10                TIM8_BRK_TIM12_IRQHandler
                0x08001c10                EXTI15_10_IRQHandler
                0x08001c10                ADC_IRQHandler
                0x08001c10                DMA1_Stream7_IRQHandler
                0x08001c10                TIM7_IRQHandler
                0x08001c10                CAN2_TX_IRQHandler
                0x08001c10                TIM5_IRQHandler
                0x08001c10                DMA2_Stream7_IRQHandler
                0x08001c10                I2C3_EV_IRQHandler
                0x08001c10                EXTI9_5_IRQHandler
                0x08001c10                RTC_WKUP_IRQHandler
                0x08001c10                ETH_WKUP_IRQHandler
                0x08001c10                SPI2_IRQHandler
                0x08001c10                OTG_HS_EP1_IN_IRQHandler
                0x08001c10                DMA1_Stream0_IRQHandler
                0x08001c10                CAN1_TX_IRQHandler
                0x08001c10                EXTI4_IRQHandler
                0x08001c10                FSMC_IRQHandler
                0x08001c10                ETH_IRQHandler
                0x08001c10                OTG_HS_EP1_OUT_IRQHandler
                0x08001c10                WWDG_IRQHandler
                0x08001c10                TIM1_TRG_COM_TIM11_IRQHandler
                0x08001c10                OTG_HS_IRQHandler
                0x08001c10                EXTI1_IRQHandler
                0x08001c10                USART2_IRQHandler
                0x08001c10                I2C2_ER_IRQHandler
                0x08001c10                DMA2_Stream1_IRQHandler
                0x08001c10                CAN1_SCE_IRQHandler
                0x08001c10                FLASH_IRQHandler
                0x08001c10                DMA2_Stream4_IRQHandler
                0x08001c10                USART1_IRQHandler
                0x08001c10                SPI3_IRQHandler
                0x08001c10                DMA1_Stream4_IRQHandler
                0x08001c10                I2C1_ER_IRQHandler
                0x08001c10                DMA2_Stream6_IRQHandler
                0x08001c10                DMA1_Stream3_IRQHandler
 .text.USBD_Init
                0x08001c18       0x54 ..\obj\usbd_core.o
                0x08001c18                USBD_Init
 .text.USBD_DeInit
                0x08001c6c       0x18 ..\obj\usbd_core.o
                0x08001c6c                USBD_DeInit
 .text.USBD_SetupStage
                0x08001c84       0x6c ..\obj\usbd_core.o
 .text.USBD_DataOutStage
                0x08001cf0       0xd0 ..\obj\usbd_core.o
 .text.USBD_DataInStage
                0x08001dc0      0x11c ..\obj\usbd_core.o
 .text.USBD_RunTestMode
                0x08001edc       0x24 ..\obj\usbd_core.o
 .text.USBD_Reset
                0x08001f00       0x44 ..\obj\usbd_core.o
 .text.USBD_Resume
                0x08001f44       0x30 ..\obj\usbd_core.o
 .text.USBD_Suspend
                0x08001f74       0x30 ..\obj\usbd_core.o
 .text.USBD_SOF
                0x08001fa4       0x2c ..\obj\usbd_core.o
 .text.USBD_SetCfg
                0x08001fd0       0x30 ..\obj\usbd_core.o
                0x08001fd0                USBD_SetCfg
 .text.USBD_ClrCfg
                0x08002000       0x28 ..\obj\usbd_core.o
                0x08002000                USBD_ClrCfg
 .text.USBD_IsoINIncomplete
                0x08002028       0x20 ..\obj\usbd_core.o
 .text.USBD_IsoOUTIncomplete
                0x08002048       0x20 ..\obj\usbd_core.o
 .text.USBD_DevConnected
                0x08002068       0x24 ..\obj\usbd_core.o
 .text.USBD_DevDisconnected
                0x0800208c       0x34 ..\obj\usbd_core.o
 .text.main     0x080020c0       0xb4 ..\obj\main.o
                0x080020c0                main
 .text.RCC_AHB1PeriphClockCmd
                0x08002174       0x3c ..\obj\stm32f4xx_rcc.o
                0x08002174                RCC_AHB1PeriphClockCmd
 .text.RCC_AHB2PeriphClockCmd
                0x080021b0       0x3c ..\obj\stm32f4xx_rcc.o
                0x080021b0                RCC_AHB2PeriphClockCmd
 .text.RCC_APB1PeriphClockCmd
                0x080021ec       0x3c ..\obj\stm32f4xx_rcc.o
                0x080021ec                RCC_APB1PeriphClockCmd
 .text.RCC_APB2PeriphClockCmd
                0x08002228       0x3c ..\obj\stm32f4xx_rcc.o
                0x08002228                RCC_APB2PeriphClockCmd
 .text.RCC_APB1PeriphResetCmd
                0x08002264       0x3c ..\obj\stm32f4xx_rcc.o
                0x08002264                RCC_APB1PeriphResetCmd
 .text.RCC_APB2PeriphResetCmd
                0x080022a0       0x3c ..\obj\stm32f4xx_rcc.o
                0x080022a0                RCC_APB2PeriphResetCmd
 .text.FLASH_write
                0x080022dc       0x74 ..\obj\FLASH.o
                0x080022dc                FLASH_write
 .text.FLASH_read
                0x08002350       0x1c ..\obj\FLASH.o
                0x08002350                FLASH_read
 .text.FLASH_read_reglin
                0x0800236c       0xd0 ..\obj\FLASH.o
                0x0800236c                FLASH_read_reglin
 .text.FLASH_write_reglin
                0x0800243c       0x68 ..\obj\FLASH.o
                0x0800243c                FLASH_write_reglin
 .text.FLASH_read_serialnum
                0x080024a4       0x14 ..\obj\FLASH.o
                0x080024a4                FLASH_read_serialnum
 .text.FLASH_write_serialnum
                0x080024b8       0x68 ..\obj\FLASH.o
                0x080024b8                FLASH_write_serialnum
 .text.ADC_init
                0x08002520       0x8c ..\obj\ADC.o
                0x08002520                ADC_init
 .text.ADC_set_ST_values
                0x080025ac       0xd8 ..\obj\ADC.o
                0x080025ac                ADC_set_ST_values
 .text.ADC_measurement
                0x08002684       0xa4 ..\obj\ADC.o
                0x08002684                ADC_measurement
 .text.ADC_peak_measurement
                0x08002728       0x68 ..\obj\ADC.o
                0x08002728                ADC_peak_measurement
 .text.ADC_temperature_measurement
                0x08002790      0x108 ..\obj\ADC.o
                0x08002790                ADC_temperature_measurement
 .text.ADC_reference_V_measurement
                0x08002898       0xf8 ..\obj\ADC.o
                0x08002898                ADC_reference_V_measurement
 .text.power_count
                0x08002990       0x88 ..\obj\ADC.o
                0x08002990                power_count
 .text.ADC_Init
                0x08002a18       0xa8 ..\obj\stm32f4xx_adc.o
                0x08002a18                ADC_Init
 .text.ADC_CommonInit
                0x08002ac0       0x50 ..\obj\stm32f4xx_adc.o
                0x08002ac0                ADC_CommonInit
 .text.ADC_Cmd  0x08002b10       0x38 ..\obj\stm32f4xx_adc.o
                0x08002b10                ADC_Cmd
 .text.ADC_TempSensorVrefintCmd
                0x08002b48       0x38 ..\obj\stm32f4xx_adc.o
                0x08002b48                ADC_TempSensorVrefintCmd
 .text.ADC_RegularChannelConfig
                0x08002b80      0x188 ..\obj\stm32f4xx_adc.o
                0x08002b80                ADC_RegularChannelConfig
 .text.ADC_SoftwareStartConv
                0x08002d08       0x20 ..\obj\stm32f4xx_adc.o
                0x08002d08                ADC_SoftwareStartConv
 .text.ADC_GetConversionValue
                0x08002d28       0x1c ..\obj\stm32f4xx_adc.o
                0x08002d28                ADC_GetConversionValue
 .text.ADC_GetFlagStatus
                0x08002d44       0x34 ..\obj\stm32f4xx_adc.o
                0x08002d44                ADC_GetFlagStatus
 .text.USBD_USR_DeviceDescriptor
                0x08002d78       0x24 ..\obj\usbd_desc.o
                0x08002d78                USBD_USR_DeviceDescriptor
 .text.USBD_USR_LangIDStrDescriptor
                0x08002d9c       0x24 ..\obj\usbd_desc.o
                0x08002d9c                USBD_USR_LangIDStrDescriptor
 .text.USBD_USR_ProductStrDescriptor
                0x08002dc0       0x40 ..\obj\usbd_desc.o
                0x08002dc0                USBD_USR_ProductStrDescriptor
 .text.USBD_USR_ManufacturerStrDescriptor
                0x08002e00       0x28 ..\obj\usbd_desc.o
                0x08002e00                USBD_USR_ManufacturerStrDescriptor
 .text.USBD_USR_SerialStrDescriptor
                0x08002e28       0x40 ..\obj\usbd_desc.o
                0x08002e28                USBD_USR_SerialStrDescriptor
 .text.USBD_USR_ConfigStrDescriptor
                0x08002e68       0x3c ..\obj\usbd_desc.o
                0x08002e68                USBD_USR_ConfigStrDescriptor
 .text.USBD_USR_InterfaceStrDescriptor
                0x08002ea4       0x3c ..\obj\usbd_desc.o
                0x08002ea4                USBD_USR_InterfaceStrDescriptor
 .text.GPIO_Init
                0x08002ee0      0x11c ..\obj\stm32f4xx_gpio.o
                0x08002ee0                GPIO_Init
 .text.GPIO_SetBits
                0x08002ffc       0x1c ..\obj\stm32f4xx_gpio.o
                0x08002ffc                GPIO_SetBits
 .text.GPIO_ResetBits
                0x08003018       0x1c ..\obj\stm32f4xx_gpio.o
                0x08003018                GPIO_ResetBits
 .text.GPIO_WriteBit
                0x08003034       0x30 ..\obj\stm32f4xx_gpio.o
                0x08003034                GPIO_WriteBit
 .text.GPIO_PinAFConfig
                0x08003064       0x8c ..\obj\stm32f4xx_gpio.o
                0x08003064                GPIO_PinAFConfig
 .text.FLASH_Unlock
                0x080030f0       0x2c ..\obj\stm32f4xx_flash.o
                0x080030f0                FLASH_Unlock
 .text.FLASH_Lock
                0x0800311c       0x1c ..\obj\stm32f4xx_flash.o
                0x0800311c                FLASH_Lock
 .text.FLASH_EraseSector
                0x08003138       0xc0 ..\obj\stm32f4xx_flash.o
                0x08003138                FLASH_EraseSector
 .text.FLASH_ProgramWord
                0x080031f8       0x68 ..\obj\stm32f4xx_flash.o
                0x080031f8                FLASH_ProgramWord
 .text.FLASH_ClearFlag
                0x08003260       0x1c ..\obj\stm32f4xx_flash.o
                0x08003260                FLASH_ClearFlag
 .text.FLASH_GetStatus
                0x0800327c       0x68 ..\obj\stm32f4xx_flash.o
                0x0800327c                FLASH_GetStatus
 .text.FLASH_WaitForLastOperation
                0x080032e4       0x30 ..\obj\stm32f4xx_flash.o
                0x080032e4                FLASH_WaitForLastOperation
 .text.float2Bytes
                0x08003314       0x24 ..\obj\usbd_cdc_vcp.o
                0x08003314                float2Bytes
 .text.double2Bytes
                0x08003338       0x2c ..\obj\usbd_cdc_vcp.o
                0x08003338                double2Bytes
 .text.VCP_Init
                0x08003364       0x3c ..\obj\usbd_cdc_vcp.o
 .text.VCP_DeInit
                0x080033a0       0x10 ..\obj\usbd_cdc_vcp.o
 .text.VCP_Ctrl
                0x080033b0      0x15c ..\obj\usbd_cdc_vcp.o
 .text.VCP_DataTx
                0x0800350c       0x64 ..\obj\usbd_cdc_vcp.o
                0x0800350c                VCP_DataTx
 .text.VCP_DataRx
                0x08003570      0x5cc ..\obj\usbd_cdc_vcp.o
 .text.VCP_COMConfig
                0x08003b3c       0x18 ..\obj\usbd_cdc_vcp.o
 .text.USART3_IRQHandler
                0x08003b54       0x38 ..\obj\usbd_cdc_vcp.o
                0x08003b54                USART3_IRQHandler
 .text.SystemInit
                0x08003b8c       0x68 ..\obj\system_stm32f4xx.o
                0x08003b8c                SystemInit
 .text.SetSysClock
                0x08003bf4       0xc0 ..\obj\system_stm32f4xx.o
 .text.HMC849_init
                0x08003cb4       0x60 ..\obj\HMC849.o
                0x08003cb4                HMC849_init
 .text.HMC849_set_mode
                0x08003d14       0x30 ..\obj\HMC849.o
                0x08003d14                HMC849_set_mode
 .text.HMC849_disable
                0x08003d44       0x14 ..\obj\HMC849.o
                0x08003d44                HMC849_disable
 .text.USB_OTG_BSP_Init
                0x08003d58       0x64 ..\obj\usb_bsp.o
                0x08003d58                USB_OTG_BSP_Init
 .text.USB_OTG_BSP_EnableInterrupt
                0x08003dbc       0x30 ..\obj\usb_bsp.o
                0x08003dbc                USB_OTG_BSP_EnableInterrupt
 .text.USB_OTG_BSP_uDelay
                0x08003dec       0x48 ..\obj\usb_bsp.o
                0x08003dec                USB_OTG_BSP_uDelay
 .text.USB_OTG_BSP_mDelay
                0x08003e34       0x20 ..\obj\usb_bsp.o
                0x08003e34                USB_OTG_BSP_mDelay
 .text.USBD_StdDevReq
                0x08003e54       0xa0 ..\obj\usbd_req.o
                0x08003e54                USBD_StdDevReq
 .text.USBD_StdItfReq
                0x08003ef4       0x68 ..\obj\usbd_req.o
                0x08003ef4                USBD_StdItfReq
 .text.USBD_StdEPReq
                0x08003f5c      0x1b0 ..\obj\usbd_req.o
                0x08003f5c                USBD_StdEPReq
 .text.USBD_GetDescriptor
                0x0800410c      0x1b8 ..\obj\usbd_req.o
 .text.USBD_SetAddress
                0x080042c4       0x7c ..\obj\usbd_req.o
 .text.USBD_SetConfig
                0x08004340       0xf4 ..\obj\usbd_req.o
 .text.USBD_GetConfig
                0x08004434       0x60 ..\obj\usbd_req.o
 .text.USBD_GetStatus
                0x08004494       0x54 ..\obj\usbd_req.o
 .text.USBD_SetFeature
                0x080044e8       0xd8 ..\obj\usbd_req.o
 .text.USBD_ClrFeature
                0x080045c0       0x50 ..\obj\usbd_req.o
 .text.USBD_ParseSetupRequest
                0x08004610       0x8c ..\obj\usbd_req.o
                0x08004610                USBD_ParseSetupRequest
 .text.USBD_CtlError
                0x0800469c       0x28 ..\obj\usbd_req.o
                0x0800469c                USBD_CtlError
 .text.USBD_GetString
                0x080046c4       0x7c ..\obj\usbd_req.o
                0x080046c4                USBD_GetString
 .text.USBD_GetLen
                0x08004740       0x30 ..\obj\usbd_req.o
 .text.USBD_OTG_ISR_Handler
                0x08004770      0x190 ..\obj\usb_dcd_int.o
                0x08004770                USBD_OTG_ISR_Handler
 .text.DCD_SessionRequest_ISR
                0x08004900       0x34 ..\obj\usb_dcd_int.o
 .text.DCD_OTG_ISR
                0x08004934       0x3c ..\obj\usb_dcd_int.o
 .text.DCD_HandleResume_ISR
                0x08004970       0x80 ..\obj\usb_dcd_int.o
 .text.DCD_HandleUSBSuspend_ISR
                0x080049f0       0xbc ..\obj\usb_dcd_int.o
 .text.DCD_HandleInEP_ISR
                0x08004aac      0x19c ..\obj\usb_dcd_int.o
 .text.DCD_HandleOutEP_ISR
                0x08004c48      0x150 ..\obj\usb_dcd_int.o
 .text.DCD_HandleSof_ISR
                0x08004d98       0x34 ..\obj\usb_dcd_int.o
 .text.DCD_HandleRxStatusQueueLevel_ISR
                0x08004dcc      0x104 ..\obj\usb_dcd_int.o
 .text.DCD_WriteEmptyTxFifo
                0x08004ed0       0xe4 ..\obj\usb_dcd_int.o
 .text.DCD_HandleUsbReset_ISR
                0x08004fb4      0x12c ..\obj\usb_dcd_int.o
 .text.DCD_HandleEnumDone_ISR
                0x080050e0       0x78 ..\obj\usb_dcd_int.o
 .text.DCD_IsoINIncomplete_ISR
                0x08005158       0x34 ..\obj\usb_dcd_int.o
 .text.DCD_IsoOUTIncomplete_ISR
                0x0800518c       0x34 ..\obj\usb_dcd_int.o
 .text.DCD_ReadDevInEP
                0x080051c0       0x50 ..\obj\usb_dcd_int.o
 .text.usbd_cdc_Init
                0x08005210       0x6c ..\obj\usbd_cdc_core.o
 .text.usbd_cdc_DeInit
                0x0800527c       0x38 ..\obj\usbd_cdc_core.o
 .text.usbd_cdc_Setup
                0x080052b4      0x12c ..\obj\usbd_cdc_core.o
 .text.usbd_cdc_EP0_RxReady
                0x080053e0       0x44 ..\obj\usbd_cdc_core.o
 .text.usbd_cdc_DataIn
                0x08005424       0x1c ..\obj\usbd_cdc_core.o
 .text.usbd_cdc_DataOut
                0x08005440       0x58 ..\obj\usbd_cdc_core.o
 .text.usbd_cdc_SOF
                0x08005498       0x30 ..\obj\usbd_cdc_core.o
 .text.Handle_USBAsynchXfer
                0x080054c8       0x14 ..\obj\usbd_cdc_core.o
 .text.USBD_cdc_GetCfgDesc
                0x080054dc       0x24 ..\obj\usbd_cdc_core.o
 .text.EXTI_ClearITPendingBit
                0x08005500       0x1c ..\obj\stm32f4xx_exti.o
                0x08005500                EXTI_ClearITPendingBit
 .text.NVIC_PriorityGroupConfig
                0x0800551c       0x24 ..\obj\misc.o
                0x0800551c                NVIC_PriorityGroupConfig
 .text.NVIC_Init
                0x08005540       0xbc ..\obj\misc.o
                0x08005540                NVIC_Init
 .text.DCD_Init
                0x080055fc      0x104 ..\obj\usb_dcd.o
                0x080055fc                DCD_Init
 .text.DCD_EP_Open
                0x08005700       0xa0 ..\obj\usb_dcd.o
                0x08005700                DCD_EP_Open
 .text.DCD_EP_Close
                0x080057a0       0x74 ..\obj\usb_dcd.o
                0x080057a0                DCD_EP_Close
 .text.DCD_EP_PrepareRx
                0x08005814       0x80 ..\obj\usb_dcd.o
                0x08005814                DCD_EP_PrepareRx
 .text.DCD_EP_Tx
                0x08005894       0x78 ..\obj\usb_dcd.o
                0x08005894                DCD_EP_Tx
 .text.DCD_EP_Stall
                0x0800590c       0x78 ..\obj\usb_dcd.o
                0x0800590c                DCD_EP_Stall
 .text.DCD_EP_ClrStall
                0x08005984       0x78 ..\obj\usb_dcd.o
                0x08005984                DCD_EP_ClrStall
 .text.DCD_EP_SetAddress
                0x080059fc       0x3c ..\obj\usb_dcd.o
                0x080059fc                DCD_EP_SetAddress
 .text.NMI_Handler
                0x08005a38        0xc ..\obj\stm32fxxx_it.o
                0x08005a38                NMI_Handler
 .text.HardFault_Handler
                0x08005a44        0x8 ..\obj\stm32fxxx_it.o
                0x08005a44                HardFault_Handler
 .text.MemManage_Handler
                0x08005a4c        0x8 ..\obj\stm32fxxx_it.o
                0x08005a4c                MemManage_Handler
 .text.BusFault_Handler
                0x08005a54        0x8 ..\obj\stm32fxxx_it.o
                0x08005a54                BusFault_Handler
 .text.UsageFault_Handler
                0x08005a5c        0x8 ..\obj\stm32fxxx_it.o
                0x08005a5c                UsageFault_Handler
 .text.SVC_Handler
                0x08005a64        0xc ..\obj\stm32fxxx_it.o
                0x08005a64                SVC_Handler
 .text.DebugMon_Handler
                0x08005a70        0xc ..\obj\stm32fxxx_it.o
                0x08005a70                DebugMon_Handler
 .text.PendSV_Handler
                0x08005a7c        0xc ..\obj\stm32fxxx_it.o
                0x08005a7c                PendSV_Handler
 .text.SysTick_Handler
                0x08005a88        0xc ..\obj\stm32fxxx_it.o
                0x08005a88                SysTick_Handler
 .text.TIM3_IRQHandler
                0x08005a94       0x4c ..\obj\stm32fxxx_it.o
                0x08005a94                TIM3_IRQHandler
 .text.TIM2_IRQHandler
                0x08005ae0        0xc ..\obj\stm32fxxx_it.o
                0x08005ae0                TIM2_IRQHandler
 .text.OTG_FS_WKUP_IRQHandler
                0x08005aec       0x34 ..\obj\stm32fxxx_it.o
                0x08005aec                OTG_FS_WKUP_IRQHandler
 .text.OTG_FS_IRQHandler
                0x08005b20       0x10 ..\obj\stm32fxxx_it.o
                0x08005b20                OTG_FS_IRQHandler
 .text.USBD_CtlSendData
                0x08005b30       0x40 ..\obj\usbd_ioreq.o
                0x08005b30                USBD_CtlSendData
 .text.USBD_CtlContinueSendData
                0x08005b70       0x28 ..\obj\usbd_ioreq.o
                0x08005b70                USBD_CtlContinueSendData
 .text.USBD_CtlPrepareRx
                0x08005b98       0x40 ..\obj\usbd_ioreq.o
                0x08005b98                USBD_CtlPrepareRx
 .text.USBD_CtlContinueRx
                0x08005bd8       0x28 ..\obj\usbd_ioreq.o
                0x08005bd8                USBD_CtlContinueRx
 .text.USBD_CtlSendStatus
                0x08005c00       0x30 ..\obj\usbd_ioreq.o
                0x08005c00                USBD_CtlSendStatus
 .text.USBD_CtlReceiveStatus
                0x08005c30       0x30 ..\obj\usbd_ioreq.o
                0x08005c30                USBD_CtlReceiveStatus
 .text.LED_init
                0x08005c60       0x38 ..\obj\LED.o
                0x08005c60                LED_init
 .text.LED_on   0x08005c98       0x20 ..\obj\LED.o
                0x08005c98                LED_on
 .text.LED_off  0x08005cb8       0x20 ..\obj\LED.o
                0x08005cb8                LED_off
 .text.TIM_delay_ms
                0x08005cd8       0xac ..\obj\TIM.o
                0x08005cd8                TIM_delay_ms
 .text.TIM_warm_up
                0x08005d84       0x70 ..\obj\TIM.o
                0x08005d84                TIM_warm_up
 .text.TIM2_init
                0x08005df4       0xdc ..\obj\TIM.o
                0x08005df4                TIM2_init
 .text.TIM_DeInit
                0x08005ed0      0x1bc ..\obj\stm32f4xx_tim.o
                0x08005ed0                TIM_DeInit
 .text.TIM_TimeBaseInit
                0x0800608c       0xd4 ..\obj\stm32f4xx_tim.o
                0x0800608c                TIM_TimeBaseInit
 .text.TIM_Cmd  0x08006160       0x40 ..\obj\stm32f4xx_tim.o
                0x08006160                TIM_Cmd
 .text.TIM_ITConfig
                0x080061a0       0x48 ..\obj\stm32f4xx_tim.o
                0x080061a0                TIM_ITConfig
 .text.TIM_GetITStatus
                0x080061e8       0x54 ..\obj\stm32f4xx_tim.o
                0x080061e8                TIM_GetITStatus
 .text.TIM_ClearITPendingBit
                0x0800623c       0x20 ..\obj\stm32f4xx_tim.o
                0x0800623c                TIM_ClearITPendingBit
 .text.roundf   0x0800625c       0x54 c:/program files (x86)/gnu tools arm embedded/4.8 2014q2/bin/../lib/gcc/arm-none-eabi/4.8.4/../../../../arm-none-eabi/lib/armv7e-m/fpu\libm.a(lib_a-sf_round.o)
                0x0800625c                roundf
 .text          0x080062b0      0x370 c:/program files (x86)/gnu tools arm embedded/4.8 2014q2/bin/../lib/gcc/arm-none-eabi/4.8.4/armv7e-m/fpu\libgcc.a(_arm_addsubdf3.o)
                0x080062b0                __aeabi_drsub
                0x080062b8                __aeabi_dsub
                0x080062b8                __subdf3
                0x080062bc                __aeabi_dadd
                0x080062bc                __adddf3
                0x08006534                __floatunsidf
                0x08006534                __aeabi_ui2d
                0x08006554                __floatsidf
                0x08006554                __aeabi_i2d
                0x08006578                __aeabi_f2d
                0x08006578                __extendsfdf2
                0x080065b4                __floatundidf
                0x080065b4                __aeabi_ul2d
                0x080065c4                __floatdidf
                0x080065c4                __aeabi_l2d
 .text          0x08006620      0x424 c:/program files (x86)/gnu tools arm embedded/4.8 2014q2/bin/../lib/gcc/arm-none-eabi/4.8.4/armv7e-m/fpu\libgcc.a(_arm_muldivdf3.o)
                0x08006620                __aeabi_dmul
                0x08006620                __muldf3
                0x08006874                __divdf3
                0x08006874                __aeabi_ddiv
 *(.init)
 *(.fini)
 *crtbegin.o(.ctors)
 *crtbegin?.o(.ctors)
 *(EXCLUDE_FILE(*crtend.o *crtend?.o) .ctors)
 *(SORT(.ctors.*))
 *(.ctors)
 *crtbegin.o(.dtors)
 *crtbegin?.o(.dtors)
 *(EXCLUDE_FILE(*crtend.o *crtend?.o) .dtors)
 *(SORT(.dtors.*))
 *(.dtors)
 *(.rodata*)
 .rodata        0x08006a44       0x98 ..\obj\usbd_desc.o
 *(.eh_fram e*)

.glue_7         0x08006adc        0x0
 .glue_7        0x00000000        0x0 linker stubs

.glue_7t        0x08006adc        0x0
 .glue_7t       0x00000000        0x0 linker stubs

.vfp11_veneer   0x08006adc        0x0
 .vfp11_veneer  0x00000000        0x0 linker stubs

.v4_bx          0x08006adc        0x0
 .v4_bx         0x00000000        0x0 linker stubs

.iplt           0x08006adc        0x0
 .iplt          0x00000000        0x0 ..\obj\stm32f4xx_syscfg.o

.rel.dyn        0x08006adc        0x0
 .rel.iplt      0x00000000        0x0 ..\obj\stm32f4xx_syscfg.o

.ARM.extab
 *(.ARM.extab* .gnu.linkonce.armextab.*)
                0x08006adc                __exidx_start = .

.ARM.exidx
 *(.ARM.exidx* .gnu.linkonce.armexidx.*)
                0x08006adc                __exidx_end = .
                0x08006adc                __etext = .
                0x08006adc                _sidata = __etext

.data           0x20000000      0x120 load address 0x08006adc
                0x20000000                __data_start__ = .
                0x20000000                _sdata = __data_start__
 *(vtable)
 *(.data*)
 .data          0x20000000       0x1c ..\obj\usbd_usr.o
                0x20000000                USR_cb
 .data          0x2000001c       0x30 ..\obj\usbd_core.o
                0x2000001c                USBD_DCD_INT_cb
                0x20000048                USBD_DCD_INT_fops
 .data          0x2000004c       0x40 ..\obj\usbd_desc.o
                0x2000004c                USR_desc
                0x20000068                USBD_DeviceDesc
                0x2000007c                USBD_DeviceQualifierDesc
                0x20000088                USBD_LangIDDesc
 .data          0x2000008c       0x20 ..\obj\usbd_cdc_vcp.o
                0x20000090                linecoding
                0x20000098                VCP_fops
 .data          0x200000ac       0x74 ..\obj\usbd_cdc_core.o
                0x200000ac                usbd_cdc_CfgDesc
                0x200000f4                USBD_CDC_cb
                0x20000120                . = ALIGN (0x4)
                0x20000120                PROVIDE (__preinit_array_start, .)
 *(.preinit_array)
                0x20000120                PROVIDE (__preinit_array_end, .)
                0x20000120                . = ALIGN (0x4)
                0x20000120                PROVIDE (__init_array_start, .)
 *(SORT(.init_array.*))
 *(.init_array)
                0x20000120                PROVIDE (__init_array_end, .)
                0x20000120                . = ALIGN (0x4)
                0x20000120                PROVIDE (__fini_array_start, .)
 *(SORT(.fini_array.*))
 *(.fini_array)
                0x20000120                PROVIDE (__fini_array_end, .)
 *(.jcr*)
                0x20000120                . = ALIGN (0x4)
                0x20000120                __data_end__ = .
                0x20000120                _edata = __data_end__

.igot.plt       0x20000120        0x0 load address 0x08006bfc
 .igot.plt      0x00000000        0x0 ..\obj\stm32f4xx_syscfg.o

.bss            0x20000120     0x10c4 load address 0x08006c00
                0x20000120                . = ALIGN (0x4)
                0x20000120                __bss_start__ = .
                0x20000120                _sbss = __bss_start__
 *(.bss*)
 .bss           0x20000120       0x84 ..\obj\usbd_cdc_vcp.o
                0x20000120                buf
                0x20000184                chartab
                0x20000198                temp_float_tab
                0x2000019c                tempf
                0x200001a0                temp_peak_detector
 .bss           0x200001a4       0x10 ..\obj\usbd_req.o
                0x200001a4                USBD_ep_status
                0x200001a8                USBD_default_cfg
                0x200001ac                USBD_cfg_status
 .bss           0x200001b4       0x1c ..\obj\usbd_cdc_core.o
                0x200001b8                APP_Rx_ptr_in
                0x200001bc                APP_Rx_ptr_out
                0x200001c0                APP_Rx_length
                0x200001c4                USB_Tx_State
 .bss           0x200001d0       0x10 ..\obj\stm32fxxx_it.o
                0x200001d0                warmup_counter
                0x200001d2                IC3ReadValue1
                0x200001d4                IC3ReadValue2
                0x200001d6                CaptureNumber
                0x200001d8                Capture
                0x200001dc                TIM1Freq
 *(COMMON)
 COMMON         0x200001e0       0x30 ..\obj\measurement functions.o
                0x200001e0                Current_results_inst
 COMMON         0x20000210        0x4 ..\obj\usbd_core.o
                0x20000210                SET_TEST_MODE
 COMMON         0x20000214      0x600 ..\obj\main.o
                0x20000214                serialnum
                0x20000218                tempf_ptr
                0x2000021c                i
                0x20000220                USB_OTG_dev
 COMMON         0x20000814       0x20 ..\obj\FLASH.o
                0x20000814                Cali_reglin_inst
 COMMON         0x20000834       0x10 ..\obj\ADC.o
                0x20000834                ADC_ST_values_inst
 COMMON         0x20000844       0x10 ..\obj\usbd_cdc_vcp.o
                0x20000844                USART_InitStructure
 COMMON         0x20000854       0xff ..\obj\usbd_req.o
                0x20000854                USBD_StrDesc
 *fill*         0x20000953        0x1 
 COMMON         0x20000954      0x890 ..\obj\usbd_cdc_core.o
                0x20000954                usbd_cdc_OtherCfgDesc
                0x20000998                USB_Rx_Buffer
                0x200009d8                USB_Rx_Cnt
                0x200009dc                CmdBuff
                0x200009e4                APP_Rx_Buffer
                0x200011e4                . = ALIGN (0x4)
                0x200011e4                __bss_end__ = .
                0x200011e4                _ebss = __bss_end__

.heap           0x200011e4        0x0
                0x200011e4                __end__ = .
                0x200011e4                _end = __end__
                0x200011e4                end = __end__
 *(.heap*)
                0x200011e4                __HeapLimit = .

.co_stack       0x200011e4      0x804 load address 0x08007cc4
                0x200011e8                . = ALIGN (0x8)
 *fill*         0x200011e4        0x4 
 *(.co_stack .co_stack.*)
 .co_stack      0x200011e8      0x800 ..\obj\startup_stm32f4xx.o
                0x200011e8                pulStack
                0x20010000                __StackTop = (ORIGIN (ram) + 0x10000)
                0x2000f7fc                __StackLimit = (__StackTop - SIZEOF (.co_stack))
                0x20010000                PROVIDE (__stack, __StackTop)
                0x00000001                ASSERT ((__StackLimit >= __HeapLimit), region ram  overflowed with stack)
LOAD ..\obj\stm32f4xx_syscfg.o
LOAD ..\obj\usb_core.o
LOAD ..\obj\HMC624.o
LOAD ..\obj\usbd_usr.o
LOAD ..\obj\stm32f4xx_usart.o
LOAD ..\obj\SN74LV.o
LOAD ..\obj\RF3021.o
LOAD ..\obj\measurement functions.o
LOAD ..\obj\startup_stm32f4xx.o
LOAD ..\obj\usbd_core.o
LOAD ..\obj\main.o
LOAD ..\obj\stm32f4xx_rcc.o
LOAD ..\obj\FLASH.o
LOAD ..\obj\ADC.o
LOAD ..\obj\stm32f4xx_adc.o
LOAD ..\obj\usbd_desc.o
LOAD ..\obj\stm32f4xx_gpio.o
LOAD ..\obj\stm32f4xx_flash.o
LOAD ..\obj\usbd_cdc_vcp.o
LOAD ..\obj\system_stm32f4xx.o
LOAD ..\obj\syscalls.o
LOAD ..\obj\HMC849.o
LOAD ..\obj\usb_bsp.o
LOAD ..\obj\usbd_req.o
LOAD ..\obj\usb_dcd_int.o
LOAD ..\obj\usbd_cdc_core.o
LOAD ..\obj\usb_hcd.o
LOAD ..\obj\usb_otg.o
LOAD ..\obj\stm32f4xx_spi.o
LOAD ..\obj\stm32f4xx_exti.o
LOAD ..\obj\misc.o
LOAD ..\obj\usb_dcd.o
LOAD ..\obj\stm32fxxx_it.o
LOAD ..\obj\usbd_ioreq.o
LOAD ..\obj\LED.o
LOAD ..\obj\TIM.o
LOAD ..\obj\stm32f4xx_tim.o
LOAD ..\obj\usb_hcd_int.o
LOAD c:/program files (x86)/gnu tools arm embedded/4.8 2014q2/bin/../lib/gcc/arm-none-eabi/4.8.4/../../../../arm-none-eabi/lib/armv7e-m/fpu\libm.a
LOAD c:/program files (x86)/gnu tools arm embedded/4.8 2014q2/bin/../lib/gcc/arm-none-eabi/4.8.4/armv7e-m/fpu\libgcc.a
LOAD c:/program files (x86)/gnu tools arm embedded/4.8 2014q2/bin/../lib/gcc/arm-none-eabi/4.8.4/../../../../arm-none-eabi/lib/armv7e-m/fpu\libc.a
START GROUP
LOAD c:/program files (x86)/gnu tools arm embedded/4.8 2014q2/bin/../lib/gcc/arm-none-eabi/4.8.4/armv7e-m/fpu\libgcc.a
LOAD c:/program files (x86)/gnu tools arm embedded/4.8 2014q2/bin/../lib/gcc/arm-none-eabi/4.8.4/../../../../arm-none-eabi/lib/armv7e-m/fpu\libg.a
LOAD c:/program files (x86)/gnu tools arm embedded/4.8 2014q2/bin/../lib/gcc/arm-none-eabi/4.8.4/../../../../arm-none-eabi/lib/armv7e-m/fpu\libc.a
END GROUP
OUTPUT(RF_TESTER.elf elf32-littlearm)

.debug_info     0x00000000    0x157d8
 .debug_info    0x00000000     0x2484 ..\obj\usb_core.o
 .debug_info    0x00002484      0x30c ..\obj\HMC624.o
 .debug_info    0x00002790      0x1cb ..\obj\usbd_usr.o
 .debug_info    0x0000295b      0x9c2 ..\obj\stm32f4xx_usart.o
 .debug_info    0x0000331d      0x2e5 ..\obj\SN74LV.o
 .debug_info    0x00003602      0x2e5 ..\obj\RF3021.o
 .debug_info    0x000038e7      0x7b8 ..\obj\measurement functions.o
 .debug_info    0x0000409f       0xed ..\obj\startup_stm32f4xx.o
 .debug_info    0x0000418c     0x1037 ..\obj\usbd_core.o
 .debug_info    0x000051c3      0xd3b ..\obj\main.o
 .debug_info    0x00005efe      0xc4d ..\obj\stm32f4xx_rcc.o
 .debug_info    0x00006b4b      0x31a ..\obj\FLASH.o
 .debug_info    0x00006e65      0x87b ..\obj\ADC.o
 .debug_info    0x000076e0      0xc38 ..\obj\stm32f4xx_adc.o
 .debug_info    0x00008318      0x363 ..\obj\usbd_desc.o
 .debug_info    0x0000867b      0x602 ..\obj\stm32f4xx_gpio.o
 .debug_info    0x00008c7d      0x71b ..\obj\stm32f4xx_flash.o
 .debug_info    0x00009398     0x12af ..\obj\usbd_cdc_vcp.o
 .debug_info    0x0000a647      0x566 ..\obj\system_stm32f4xx.o
 .debug_info    0x0000abad      0x2f6 ..\obj\HMC849.o
 .debug_info    0x0000aea3      0xfc6 ..\obj\usb_bsp.o
 .debug_info    0x0000be69      0xfdc ..\obj\usbd_req.o
 .debug_info    0x0000ce45     0x1eee ..\obj\usb_dcd_int.o
 .debug_info    0x0000ed33      0xed9 ..\obj\usbd_cdc_core.o
 .debug_info    0x0000fc0c      0x347 ..\obj\stm32f4xx_exti.o
 .debug_info    0x0000ff53      0x53d ..\obj\misc.o
 .debug_info    0x00010490     0x1040 ..\obj\usb_dcd.o
 .debug_info    0x000114d0      0xe26 ..\obj\stm32fxxx_it.o
 .debug_info    0x000122f6      0xcd8 ..\obj\usbd_ioreq.o
 .debug_info    0x00012fce      0x30d ..\obj\LED.o
 .debug_info    0x000132db      0x89c ..\obj\TIM.o
 .debug_info    0x00013b77     0x1c61 ..\obj\stm32f4xx_tim.o

.debug_abbrev   0x00000000     0x356b
 .debug_abbrev  0x00000000      0x2e7 ..\obj\usb_core.o
 .debug_abbrev  0x000002e7      0x12a ..\obj\HMC624.o
 .debug_abbrev  0x00000411       0xdd ..\obj\usbd_usr.o
 .debug_abbrev  0x000004ee      0x155 ..\obj\stm32f4xx_usart.o
 .debug_abbrev  0x00000643      0x10e ..\obj\SN74LV.o
 .debug_abbrev  0x00000751      0x10e ..\obj\RF3021.o
 .debug_abbrev  0x0000085f      0x1dd ..\obj\measurement functions.o
 .debug_abbrev  0x00000a3c       0xb0 ..\obj\startup_stm32f4xx.o
 .debug_abbrev  0x00000aec      0x275 ..\obj\usbd_core.o
 .debug_abbrev  0x00000d61      0x1eb ..\obj\main.o
 .debug_abbrev  0x00000f4c      0x1e3 ..\obj\stm32f4xx_rcc.o
 .debug_abbrev  0x0000112f      0x153 ..\obj\FLASH.o
 .debug_abbrev  0x00001282      0x1a3 ..\obj\ADC.o
 .debug_abbrev  0x00001425      0x196 ..\obj\stm32f4xx_adc.o
 .debug_abbrev  0x000015bb      0x12c ..\obj\usbd_desc.o
 .debug_abbrev  0x000016e7      0x1a3 ..\obj\stm32f4xx_gpio.o
 .debug_abbrev  0x0000188a      0x1ae ..\obj\stm32f4xx_flash.o
 .debug_abbrev  0x00001a38      0x34d ..\obj\usbd_cdc_vcp.o
 .debug_abbrev  0x00001d85      0x117 ..\obj\system_stm32f4xx.o
 .debug_abbrev  0x00001e9c      0x126 ..\obj\HMC849.o
 .debug_abbrev  0x00001fc2      0x1d9 ..\obj\usb_bsp.o
 .debug_abbrev  0x0000219b      0x2a4 ..\obj\usbd_req.o
 .debug_abbrev  0x0000243f      0x25b ..\obj\usb_dcd_int.o
 .debug_abbrev  0x0000269a      0x215 ..\obj\usbd_cdc_core.o
 .debug_abbrev  0x000028af      0x1a5 ..\obj\stm32f4xx_exti.o
 .debug_abbrev  0x00002a54      0x145 ..\obj\misc.o
 .debug_abbrev  0x00002b99      0x259 ..\obj\usb_dcd.o
 .debug_abbrev  0x00002df2      0x1db ..\obj\stm32fxxx_it.o
 .debug_abbrev  0x00002fcd      0x1af ..\obj\usbd_ioreq.o
 .debug_abbrev  0x0000317c      0x126 ..\obj\LED.o
 .debug_abbrev  0x000032a2      0x142 ..\obj\TIM.o
 .debug_abbrev  0x000033e4      0x187 ..\obj\stm32f4xx_tim.o

.debug_aranges  0x00000000     0x1128
 .debug_aranges
                0x00000000      0x138 ..\obj\usb_core.o
 .debug_aranges
                0x00000138       0x28 ..\obj\HMC624.o
 .debug_aranges
                0x00000160       0x50 ..\obj\usbd_usr.o
 .debug_aranges
                0x000001b0      0x100 ..\obj\stm32f4xx_usart.o
 .debug_aranges
                0x000002b0       0x28 ..\obj\SN74LV.o
 .debug_aranges
                0x000002d8       0x28 ..\obj\RF3021.o
 .debug_aranges
                0x00000300       0x50 ..\obj\measurement functions.o
 .debug_aranges
                0x00000350       0x28 ..\obj\startup_stm32f4xx.o
 .debug_aranges
                0x00000378       0x98 ..\obj\usbd_core.o
 .debug_aranges
                0x00000410       0x20 ..\obj\main.o
 .debug_aranges
                0x00000430      0x178 ..\obj\stm32f4xx_rcc.o
 .debug_aranges
                0x000005a8       0x48 ..\obj\FLASH.o
 .debug_aranges
                0x000005f0       0x50 ..\obj\ADC.o
 .debug_aranges
                0x00000640      0x148 ..\obj\stm32f4xx_adc.o
 .debug_aranges
                0x00000788       0x50 ..\obj\usbd_desc.o
 .debug_aranges
                0x000007d8       0x88 ..\obj\stm32f4xx_gpio.o
 .debug_aranges
                0x00000860      0x108 ..\obj\stm32f4xx_flash.o
 .debug_aranges
                0x00000968       0x60 ..\obj\usbd_cdc_vcp.o
 .debug_aranges
                0x000009c8       0x30 ..\obj\system_stm32f4xx.o
 .debug_aranges
                0x000009f8       0x30 ..\obj\HMC849.o
 .debug_aranges
                0x00000a28       0x38 ..\obj\usb_bsp.o
 .debug_aranges
                0x00000a60       0x88 ..\obj\usbd_req.o
 .debug_aranges
                0x00000ae8       0x90 ..\obj\usb_dcd_int.o
 .debug_aranges
                0x00000b78       0x60 ..\obj\usbd_cdc_core.o
 .debug_aranges
                0x00000bd8       0x58 ..\obj\stm32f4xx_exti.o
 .debug_aranges
                0x00000c30       0x40 ..\obj\misc.o
 .debug_aranges
                0x00000c70       0x80 ..\obj\usb_dcd.o
 .debug_aranges
                0x00000cf0       0x80 ..\obj\stm32fxxx_it.o
 .debug_aranges
                0x00000d70       0x50 ..\obj\usbd_ioreq.o
 .debug_aranges
                0x00000dc0       0x38 ..\obj\LED.o
 .debug_aranges
                0x00000df8       0x38 ..\obj\TIM.o
 .debug_aranges
                0x00000e30      0x2f8 ..\obj\stm32f4xx_tim.o

.debug_ranges   0x00000000      0xf28
 .debug_ranges  0x00000000      0x128 ..\obj\usb_core.o
 .debug_ranges  0x00000128       0x18 ..\obj\HMC624.o
 .debug_ranges  0x00000140       0x40 ..\obj\usbd_usr.o
 .debug_ranges  0x00000180       0xf0 ..\obj\stm32f4xx_usart.o
 .debug_ranges  0x00000270       0x18 ..\obj\SN74LV.o
 .debug_ranges  0x00000288       0x18 ..\obj\RF3021.o
 .debug_ranges  0x000002a0       0x40 ..\obj\measurement functions.o
 .debug_ranges  0x000002e0       0x18 ..\obj\startup_stm32f4xx.o
 .debug_ranges  0x000002f8       0x88 ..\obj\usbd_core.o
 .debug_ranges  0x00000380       0x10 ..\obj\main.o
 .debug_ranges  0x00000390      0x168 ..\obj\stm32f4xx_rcc.o
 .debug_ranges  0x000004f8       0x38 ..\obj\FLASH.o
 .debug_ranges  0x00000530       0x40 ..\obj\ADC.o
 .debug_ranges  0x00000570      0x138 ..\obj\stm32f4xx_adc.o
 .debug_ranges  0x000006a8       0x40 ..\obj\usbd_desc.o
 .debug_ranges  0x000006e8       0x78 ..\obj\stm32f4xx_gpio.o
 .debug_ranges  0x00000760       0xf8 ..\obj\stm32f4xx_flash.o
 .debug_ranges  0x00000858       0x50 ..\obj\usbd_cdc_vcp.o
 .debug_ranges  0x000008a8       0x20 ..\obj\system_stm32f4xx.o
 .debug_ranges  0x000008c8       0x20 ..\obj\HMC849.o
 .debug_ranges  0x000008e8       0x28 ..\obj\usb_bsp.o
 .debug_ranges  0x00000910       0x78 ..\obj\usbd_req.o
 .debug_ranges  0x00000988       0x80 ..\obj\usb_dcd_int.o
 .debug_ranges  0x00000a08       0x50 ..\obj\usbd_cdc_core.o
 .debug_ranges  0x00000a58       0x48 ..\obj\stm32f4xx_exti.o
 .debug_ranges  0x00000aa0       0x30 ..\obj\misc.o
 .debug_ranges  0x00000ad0       0x70 ..\obj\usb_dcd.o
 .debug_ranges  0x00000b40       0x70 ..\obj\stm32fxxx_it.o
 .debug_ranges  0x00000bb0       0x40 ..\obj\usbd_ioreq.o
 .debug_ranges  0x00000bf0       0x28 ..\obj\LED.o
 .debug_ranges  0x00000c18       0x28 ..\obj\TIM.o
 .debug_ranges  0x00000c40      0x2e8 ..\obj\stm32f4xx_tim.o

.debug_line     0x00000000     0x85a0
 .debug_line    0x00000000      0x77f ..\obj\usb_core.o
 .debug_line    0x0000077f      0x2fe ..\obj\HMC624.o
 .debug_line    0x00000a7d      0x2b0 ..\obj\usbd_usr.o
 .debug_line    0x00000d2d      0x555 ..\obj\stm32f4xx_usart.o
 .debug_line    0x00001282      0x2bb ..\obj\SN74LV.o
 .debug_line    0x0000153d      0x2bb ..\obj\RF3021.o
 .debug_line    0x000017f8      0x41f ..\obj\measurement functions.o
 .debug_line    0x00001c17       0xca ..\obj\startup_stm32f4xx.o
 .debug_line    0x00001ce1      0x47e ..\obj\usbd_core.o
 .debug_line    0x0000215f      0x491 ..\obj\main.o
 .debug_line    0x000025f0      0x64d ..\obj\stm32f4xx_rcc.o
 .debug_line    0x00002c3d      0x338 ..\obj\FLASH.o
 .debug_line    0x00002f75      0x461 ..\obj\ADC.o
 .debug_line    0x000033d6      0x605 ..\obj\stm32f4xx_adc.o
 .debug_line    0x000039db      0x33b ..\obj\usbd_desc.o
 .debug_line    0x00003d16      0x3f2 ..\obj\stm32f4xx_gpio.o
 .debug_line    0x00004108      0x53e ..\obj\stm32f4xx_flash.o
 .debug_line    0x00004646      0x6c8 ..\obj\usbd_cdc_vcp.o
 .debug_line    0x00004d0e      0x23a ..\obj\system_stm32f4xx.o
 .debug_line    0x00004f48      0x2d1 ..\obj\HMC849.o
 .debug_line    0x00005219      0x38d ..\obj\usb_bsp.o
 .debug_line    0x000055a6      0x4eb ..\obj\usbd_req.o
 .debug_line    0x00005a91      0x4a8 ..\obj\usb_dcd_int.o
 .debug_line    0x00005f39      0x410 ..\obj\usbd_cdc_core.o
 .debug_line    0x00006349      0x358 ..\obj\stm32f4xx_exti.o
 .debug_line    0x000066a1      0x2f8 ..\obj\misc.o
 .debug_line    0x00006999      0x3fd ..\obj\usb_dcd.o
 .debug_line    0x00006d96      0x3ad ..\obj\stm32fxxx_it.o
 .debug_line    0x00007143      0x351 ..\obj\usbd_ioreq.o
 .debug_line    0x00007494      0x2da ..\obj\LED.o
 .debug_line    0x0000776e      0x31a ..\obj\TIM.o
 .debug_line    0x00007a88      0xb18 ..\obj\stm32f4xx_tim.o

.debug_str      0x00000000     0x6088
 .debug_str     0x00000000     0x139a ..\obj\usb_core.o
                               0x16d8 (size before relaxing)
 .debug_str     0x0000139a      0x2a8 ..\obj\HMC624.o
                                0x44a (size before relaxing)
 .debug_str     0x00001642      0x11d ..\obj\usbd_usr.o
                                0x306 (size before relaxing)
 .debug_str     0x0000175f      0x522 ..\obj\stm32f4xx_usart.o
                                0x6db (size before relaxing)
 .debug_str     0x00001c81       0xa0 ..\obj\SN74LV.o
                                0x3bf (size before relaxing)
 .debug_str     0x00001d21       0x84 ..\obj\RF3021.o
                                0x3bf (size before relaxing)
 .debug_str     0x00001da5      0x47a ..\obj\measurement functions.o
                                0x71e (size before relaxing)
 .debug_str     0x0000221f       0xd9 ..\obj\startup_stm32f4xx.o
                                0x193 (size before relaxing)
 .debug_str     0x000022f8      0x1eb ..\obj\usbd_core.o
                                0xc18 (size before relaxing)
 .debug_str     0x000024e3       0x9f ..\obj\main.o
                                0xbec (size before relaxing)
 .debug_str     0x00002582      0x60c ..\obj\stm32f4xx_rcc.o
                                0x89c (size before relaxing)
 .debug_str     0x00002b8e      0x1ab ..\obj\FLASH.o
                                0x3dd (size before relaxing)
 .debug_str     0x00002d39      0x245 ..\obj\ADC.o
                                0x825 (size before relaxing)
 .debug_str     0x00002f7e      0x519 ..\obj\stm32f4xx_adc.o
                                0x850 (size before relaxing)
 .debug_str     0x00003497      0x18d ..\obj\usbd_desc.o
                                0x3df (size before relaxing)
 .debug_str     0x00003624      0x1ab ..\obj\stm32f4xx_gpio.o
                                0x4ef (size before relaxing)
 .debug_str     0x000037cf      0x363 ..\obj\stm32f4xx_flash.o
                                0x5de (size before relaxing)
 .debug_str     0x00003b32      0x2d4 ..\obj\usbd_cdc_vcp.o
                                0xfb6 (size before relaxing)
 .debug_str     0x00003e06      0x125 ..\obj\system_stm32f4xx.o
                                0x3dc (size before relaxing)
 .debug_str     0x00003f2b       0x93 ..\obj\HMC849.o
                                0x3ce (size before relaxing)
 .debug_str     0x00003fbe      0x657 ..\obj\usb_bsp.o
                               0x1115 (size before relaxing)
 .debug_str     0x00004615      0x19e ..\obj\usbd_req.o
                                0xb7d (size before relaxing)
 .debug_str     0x000047b3      0x390 ..\obj\usb_dcd_int.o
                               0x1428 (size before relaxing)
 .debug_str     0x00004b43      0x1a1 ..\obj\usbd_cdc_core.o
                                0xb72 (size before relaxing)
 .debug_str     0x00004ce4      0x1f6 ..\obj\stm32f4xx_exti.o
                                0x3a5 (size before relaxing)
 .debug_str     0x00004eda      0x183 ..\obj\misc.o
                                0x41a (size before relaxing)
 .debug_str     0x0000505d      0x143 ..\obj\usb_dcd.o
                                0xba0 (size before relaxing)
 .debug_str     0x000051a0      0x19b ..\obj\stm32fxxx_it.o
                                0xb9a (size before relaxing)
 .debug_str     0x0000533b       0xfe ..\obj\usbd_ioreq.o
                                0xa2d (size before relaxing)
 .debug_str     0x00005439       0x9d ..\obj\LED.o
                                0x3a4 (size before relaxing)
 .debug_str     0x000054d6      0x103 ..\obj\TIM.o
                                0xa15 (size before relaxing)
 .debug_str     0x000055d9      0xaaf ..\obj\stm32f4xx_tim.o
                                0xe1c (size before relaxing)

.comment        0x00000000       0x70
 .comment       0x00000000       0x70 ..\obj\usb_core.o
                                 0x71 (size before relaxing)
 .comment       0x00000000       0x71 ..\obj\HMC624.o
 .comment       0x00000000       0x71 ..\obj\usbd_usr.o
 .comment       0x00000000       0x71 ..\obj\stm32f4xx_usart.o
 .comment       0x00000000       0x71 ..\obj\SN74LV.o
 .comment       0x00000000       0x71 ..\obj\RF3021.o
 .comment       0x00000000       0x71 ..\obj\measurement functions.o
 .comment       0x00000000       0x71 ..\obj\startup_stm32f4xx.o
 .comment       0x00000000       0x71 ..\obj\usbd_core.o
 .comment       0x00000000       0x71 ..\obj\main.o
 .comment       0x00000000       0x71 ..\obj\stm32f4xx_rcc.o
 .comment       0x00000000       0x71 ..\obj\FLASH.o
 .comment       0x00000000       0x71 ..\obj\ADC.o
 .comment       0x00000000       0x71 ..\obj\stm32f4xx_adc.o
 .comment       0x00000000       0x71 ..\obj\usbd_desc.o
 .comment       0x00000000       0x71 ..\obj\stm32f4xx_gpio.o
 .comment       0x00000000       0x71 ..\obj\stm32f4xx_flash.o
 .comment       0x00000000       0x71 ..\obj\usbd_cdc_vcp.o
 .comment       0x00000000       0x71 ..\obj\system_stm32f4xx.o
 .comment       0x00000000       0x71 ..\obj\HMC849.o
 .comment       0x00000000       0x71 ..\obj\usb_bsp.o
 .comment       0x00000000       0x71 ..\obj\usbd_req.o
 .comment       0x00000000       0x71 ..\obj\usb_dcd_int.o
 .comment       0x00000000       0x71 ..\obj\usbd_cdc_core.o
 .comment       0x00000000       0x71 ..\obj\stm32f4xx_exti.o
 .comment       0x00000000       0x71 ..\obj\misc.o
 .comment       0x00000000       0x71 ..\obj\usb_dcd.o
 .comment       0x00000000       0x71 ..\obj\stm32fxxx_it.o
 .comment       0x00000000       0x71 ..\obj\usbd_ioreq.o
 .comment       0x00000000       0x71 ..\obj\LED.o
 .comment       0x00000000       0x71 ..\obj\TIM.o
 .comment       0x00000000       0x71 ..\obj\stm32f4xx_tim.o

.ARM.attributes
                0x00000000       0x39
 .ARM.attributes
                0x00000000       0x39 ..\obj\usb_core.o
 .ARM.attributes
                0x00000039       0x39 ..\obj\HMC624.o
 .ARM.attributes
                0x00000072       0x39 ..\obj\usbd_usr.o
 .ARM.attributes
                0x000000ab       0x39 ..\obj\stm32f4xx_usart.o
 .ARM.attributes
                0x000000e4       0x39 ..\obj\SN74LV.o
 .ARM.attributes
                0x0000011d       0x39 ..\obj\RF3021.o
 .ARM.attributes
                0x00000156       0x39 ..\obj\measurement functions.o
 .ARM.attributes
                0x0000018f       0x39 ..\obj\startup_stm32f4xx.o
 .ARM.attributes
                0x000001c8       0x39 ..\obj\usbd_core.o
 .ARM.attributes
                0x00000201       0x39 ..\obj\main.o
 .ARM.attributes
                0x0000023a       0x39 ..\obj\stm32f4xx_rcc.o
 .ARM.attributes
                0x00000273       0x39 ..\obj\FLASH.o
 .ARM.attributes
                0x000002ac       0x39 ..\obj\ADC.o
 .ARM.attributes
                0x000002e5       0x39 ..\obj\stm32f4xx_adc.o
 .ARM.attributes
                0x0000031e       0x39 ..\obj\usbd_desc.o
 .ARM.attributes
                0x00000357       0x39 ..\obj\stm32f4xx_gpio.o
 .ARM.attributes
                0x00000390       0x39 ..\obj\stm32f4xx_flash.o
 .ARM.attributes
                0x000003c9       0x39 ..\obj\usbd_cdc_vcp.o
 .ARM.attributes
                0x00000402       0x39 ..\obj\system_stm32f4xx.o
 .ARM.attributes
                0x0000043b       0x39 ..\obj\HMC849.o
 .ARM.attributes
                0x00000474       0x39 ..\obj\usb_bsp.o
 .ARM.attributes
                0x000004ad       0x39 ..\obj\usbd_req.o
 .ARM.attributes
                0x000004e6       0x39 ..\obj\usb_dcd_int.o
 .ARM.attributes
                0x0000051f       0x39 ..\obj\usbd_cdc_core.o
 .ARM.attributes
                0x00000558       0x39 ..\obj\stm32f4xx_exti.o
 .ARM.attributes
                0x00000591       0x39 ..\obj\misc.o
 .ARM.attributes
                0x000005ca       0x39 ..\obj\usb_dcd.o
 .ARM.attributes
                0x00000603       0x39 ..\obj\stm32fxxx_it.o
 .ARM.attributes
                0x0000063c       0x39 ..\obj\usbd_ioreq.o
 .ARM.attributes
                0x00000675       0x39 ..\obj\LED.o
 .ARM.attributes
                0x000006ae       0x39 ..\obj\TIM.o
 .ARM.attributes
                0x000006e7       0x39 ..\obj\stm32f4xx_tim.o
 .ARM.attributes
                0x00000720       0x34 c:/program files (x86)/gnu tools arm embedded/4.8 2014q2/bin/../lib/gcc/arm-none-eabi/4.8.4/../../../../arm-none-eabi/lib/armv7e-m/fpu\libm.a(lib_a-sf_round.o)
 .ARM.attributes
                0x00000754       0x22 c:/program files (x86)/gnu tools arm embedded/4.8 2014q2/bin/../lib/gcc/arm-none-eabi/4.8.4/armv7e-m/fpu\libgcc.a(_arm_addsubdf3.o)
 .ARM.attributes
                0x00000776       0x22 c:/program files (x86)/gnu tools arm embedded/4.8 2014q2/bin/../lib/gcc/arm-none-eabi/4.8.4/armv7e-m/fpu\libgcc.a(_arm_muldivdf3.o)

.debug_frame    0x00000000     0x3558
 .debug_frame   0x00000000      0x434 ..\obj\usb_core.o
 .debug_frame   0x00000434       0x50 ..\obj\HMC624.o
 .debug_frame   0x00000484       0xbc ..\obj\usbd_usr.o
 .debug_frame   0x00000540      0x344 ..\obj\stm32f4xx_usart.o
 .debug_frame   0x00000884       0x50 ..\obj\SN74LV.o
 .debug_frame   0x000008d4       0x50 ..\obj\RF3021.o
 .debug_frame   0x00000924       0xf0 ..\obj\measurement functions.o
 .debug_frame   0x00000a14       0x48 ..\obj\startup_stm32f4xx.o
 .debug_frame   0x00000a5c      0x208 ..\obj\usbd_core.o
 .debug_frame   0x00000c64       0x30 ..\obj\main.o
 .debug_frame   0x00000c94      0x4d8 ..\obj\stm32f4xx_rcc.o
 .debug_frame   0x0000116c       0xc8 ..\obj\FLASH.o
 .debug_frame   0x00001234       0xec ..\obj\ADC.o
 .debug_frame   0x00001320      0x434 ..\obj\stm32f4xx_adc.o
 .debug_frame   0x00001754       0xe8 ..\obj\usbd_desc.o
 .debug_frame   0x0000183c      0x19c ..\obj\stm32f4xx_gpio.o
 .debug_frame   0x000019d8      0x360 ..\obj\stm32f4xx_flash.o
 .debug_frame   0x00001d38      0x10c ..\obj\usbd_cdc_vcp.o
 .debug_frame   0x00001e44       0x64 ..\obj\system_stm32f4xx.o
 .debug_frame   0x00001ea8       0x6c ..\obj\HMC849.o
 .debug_frame   0x00001f14       0x8c ..\obj\usb_bsp.o
 .debug_frame   0x00001fa0      0x1c8 ..\obj\usbd_req.o
 .debug_frame   0x00002168      0x1ec ..\obj\usb_dcd_int.o
 .debug_frame   0x00002354      0x124 ..\obj\usbd_cdc_core.o
 .debug_frame   0x00002478       0xec ..\obj\stm32f4xx_exti.o
 .debug_frame   0x00002564       0x9c ..\obj\misc.o
 .debug_frame   0x00002600      0x1ac ..\obj\usb_dcd.o
 .debug_frame   0x000027ac      0x154 ..\obj\stm32fxxx_it.o
 .debug_frame   0x00002900       0xec ..\obj\usbd_ioreq.o
 .debug_frame   0x000029ec       0x90 ..\obj\LED.o
 .debug_frame   0x00002a7c       0x80 ..\obj\TIM.o
 .debug_frame   0x00002afc      0xa3c ..\obj\stm32f4xx_tim.o
 .debug_frame   0x00003538       0x20 c:/program files (x86)/gnu tools arm embedded/4.8 2014q2/bin/../lib/gcc/arm-none-eabi/4.8.4/../../../../arm-none-eabi/lib/armv7e-m/fpu\libm.a(lib_a-sf_round.o)
